// Jest Snapshot v1, https://goo.gl/fbAQLP

exports[`EvbToggle should create 1`] = `
Array [
  Object {
    "$attrs$": Object {
      "checked": undefined,
      "class": "toggle toggle-default",
      "id": "toggle",
      "onBlur": [Function],
      "onChange": [Function],
      "onFocus": [Function],
      "onInput": [Function],
      "type": "checkbox",
    },
    "$children$": null,
    "$elm$": undefined,
    "$flags$": 0,
    "$key$": undefined,
    "$name$": undefined,
    "$tag$": "input",
  },
  Object {
    "$attrs$": Object {
      "data-off": "Off",
      "data-on": "On",
      "for": "toggle",
    },
    "$children$": null,
    "$elm$": undefined,
    "$flags$": 0,
    "$key$": undefined,
    "$name$": undefined,
    "$tag$": "label",
  },
]
`;
