// Jest Snapshot v1, https://goo.gl/fbAQLP

exports[`EvbToggle should create 1`] = `
Array [
  Object {
    "elm": undefined,
    "ishost": false,
    "vattrs": Object {
      "checked": undefined,
      "class": "toggle toggle-default",
      "id": "toggle",
      "onBlur": [Function],
      "onChange": [Function],
      "onFocus": [Function],
      "onInput": [Function],
      "type": "checkbox",
    },
    "vchildren": null,
    "vkey": undefined,
    "vname": undefined,
    "vtag": "input",
    "vtext": undefined,
  },
  Object {
    "elm": undefined,
    "ishost": false,
    "vattrs": Object {
      "data-off": "Off",
      "data-on": "On",
      "for": "toggle",
    },
    "vchildren": null,
    "vkey": undefined,
    "vname": undefined,
    "vtag": "label",
    "vtext": undefined,
  },
]
`;
