// Jest Snapshot v1, https://goo.gl/fbAQLP

exports[`EvbRange should render 1`] = `
Object {
  "$attrs$": Object {
    "max": undefined,
    "min": undefined,
    "onBlur": [Function],
    "onChange": [Function],
    "onFocus": [Function],
    "onInput": [Function],
    "step": undefined,
    "type": "range",
    "value": undefined,
  },
  "$children$": null,
  "$elm$": undefined,
  "$flags$": 0,
  "$key$": undefined,
  "$name$": undefined,
  "$tag$": "input",
}
`;
