// Jest Snapshot v1, https://goo.gl/fbAQLP

exports[`EvbRange should render 1`] = `
Object {
  "$attrs$": Object {
    "class": "header",
  },
  "$children$": Array [
    Object {
      "$attrs$": null,
      "$children$": null,
      "$elm$": null,
      "$flags$": 0,
      "$key$": null,
      "$name$": null,
      "$tag$": "slot",
      "$text$": null,
    },
  ],
  "$elm$": null,
  "$flags$": 0,
  "$key$": null,
  "$name$": null,
  "$tag$": "hundefined",
  "$text$": null,
}
`;
