// Jest Snapshot v1, https://goo.gl/fbAQLP

exports[`EvbProgressBar should render 1`] = `
Object {
  "$attrs$": Object {
    "class": "",
    "data-progress": 0,
    "style": Object {
      "height": "24px",
    },
  },
  "$children$": Array [
    Object {
      "$attrs$": Object {
        "class": "progress__inner",
        "style": Object {
          "width": "",
        },
      },
      "$children$": null,
      "$elm$": undefined,
      "$flags$": 0,
      "$key$": undefined,
      "$name$": undefined,
      "$tag$": "div",
    },
  ],
  "$elm$": undefined,
  "$flags$": 0,
  "$key$": undefined,
  "$name$": undefined,
  "$tag$": Object {},
}
`;
