// Jest Snapshot v1, https://goo.gl/fbAQLP

exports[`evb-filepicker should render 1`] = `
Array [
  Object {
    "$attrs$": Object {
      "accept": undefined,
      "class": "hidden",
      "multiple": undefined,
      "onChange": [Function],
      "type": "file",
    },
    "$children$": null,
    "$elm$": undefined,
    "$flags$": 0,
    "$key$": undefined,
    "$name$": undefined,
    "$tag$": "input",
  },
  Object {
    "$attrs$": null,
    "$children$": null,
    "$elm$": undefined,
    "$flags$": 0,
    "$key$": undefined,
    "$name$": undefined,
    "$tag$": "slot",
  },
]
`;
