// Jest Snapshot v1, https://goo.gl/fbAQLP

exports[`EvbDropzone should render 1`] = `
<evb-dropzone>
  <mock:shadow-root>
    <evb-filepicker>
      <mock:shadow-root>
        <input class="hidden" type="file">
        <slot></slot>
      </mock:shadow-root>
    </evb-filepicker>
    <slot></slot>
  </mock:shadow-root>
  asdf
</evb-dropzone>
`;
