// Jest Snapshot v1, https://goo.gl/fbAQLP

exports[`EvbFilePreview should not render when image is not set 1`] = `""`;

exports[`EvbFilePreview should render 1`] = `
Object {
  "$attrs$": null,
  "$children$": Array [
    Object {
      "$attrs$": Object {
        "alt": "preview",
        "src": "/image.png",
      },
      "$children$": null,
      "$elm$": null,
      "$flags$": 0,
      "$key$": null,
      "$name$": null,
      "$tag$": "img",
      "$text$": null,
    },
    Object {
      "$attrs$": null,
      "$children$": null,
      "$elm$": null,
      "$flags$": 0,
      "$key$": null,
      "$name$": null,
      "$tag$": null,
      "$text$": "",
    },
  ],
  "$elm$": null,
  "$flags$": 0,
  "$key$": null,
  "$name$": null,
  "$tag$": "figure",
  "$text$": null,
}
`;
